// Jest Snapshot v1, https://goo.gl/fbAQLP

exports[`pruebas en <CounterApp/> debe de hacer match con el snapshot 1`] = `
<div>
  <h1>
    CounterApp
  </h1>
  <h2
    data-testid="test-counter"
  >
    10
  </h2>
  <button
    aria-label="btn+1"
  >
     +1 
  </button>
  <button
    aria-label="btn-1"
  >
     -1 
  </button>
  <button
    aria-label="btn-reset"
  >
     reset 
  </button>
</div>
`;
